// Jest Snapshot v1, https://goo.gl/fbAQLP

exports[`Verify stryker has ran correctly should report correct score 1`] = `
Object {
  "compileErrors": 0,
  "ignored": 0,
  "killed": 11,
  "mutationScore": 70,
  "mutationScoreBasedOnCoveredCode": 87.5,
  "noCoverage": 4,
  "pending": 0,
  "runtimeErrors": 0,
  "survived": 2,
  "timeout": 3,
  "totalCovered": 16,
  "totalDetected": 14,
  "totalInvalid": 0,
  "totalMutants": 20,
  "totalUndetected": 6,
  "totalValid": 20,
}
`;
